// Jest Snapshot v1, https://goo.gl/fbAQLP

exports[`a página inicial deve ser renderizada corretamente 1`] = `
<div>
  <h2>
    Vamos começar!
  </h2>
  <form
    class="form"
  >
    <input
      class="input"
      placeholder="Insira os nomes dos participantes"
      required=""
      type="text"
      value=""
    />
    <button
      class="button"
      disabled=""
    >
      Adicionar
    </button>
  </form>
  
  <ul />
  <footer
    class="footer"
  >
    <button
      class="button--secondary"
      disabled=""
    >
      Iniciar brincadeira!
    </button>
    <img
      alt="arte mostrando sacolas de presente"
      class="image"
      src="/images/sacolas.png"
    />
  </footer>
</div>
`;
